C:/Users/MARK/.virtualenvs/Shopping-Angel-54bVX0mS/Scripts/python.exe : Got an error creating the 
test database: database "test_hvtv2" already exists
At line:1 char:1
+ C:/Users/MARK/.virtualenvs/Shopping-Angel-54bVX0mS/Scripts/python.exe ...
+ ~~~~~~~~~~~~~~~~~~~~~~~~~~~~~~~~~~~~~~~~~~~~~~~~~~~~~~~~~~~~~~~~~~~~~
    + CategoryInfo          : NotSpecified: (Got an error cr... already exists:String) [], RemoteExce 
   ption
    + FullyQualifiedErrorId : NativeCommandError
 


C:\Users\MARK\.virtualenvs\Shopping-Angel-54bVX0mS\Lib\site-packages\dj_rest_auth\registration\seriali
zers.py:228: UserWarning: app_settings.USERNAME_REQUIRED is deprecated, use: 
app_settings.SIGNUP_FIELDS['username']['required']
  required=allauth_account_settings.USERNAME_REQUIRED,
C:\Users\MARK\.virtualenvs\Shopping-Angel-54bVX0mS\Lib\site-packages\dj_rest_auth\registration\seriali
zers.py:230: UserWarning: app_settings.EMAIL_REQUIRED is deprecated, use: 
app_settings.SIGNUP_FIELDS['email']['required']
  email = serializers.EmailField(required=allauth_account_settings.EMAIL_REQUIRED)
C:\Users\MARK\.virtualenvs\Shopping-Angel-54bVX0mS\Lib\site-packages\dj_rest_auth\registration\seriali
zers.py:288: UserWarning: app_settings.EMAIL_REQUIRED is deprecated, use: 
app_settings.SIGNUP_FIELDS['email']['required']
  email = serializers.EmailField(required=allauth_account_settings.EMAIL_REQUIRED)
[INFO] 2026-02-08 10:45:33,338 hvt.apps.authentication.backends: [APIKeyAuthentication] Key received: 
hvt_test_71d8b11dc27...
[INFO] 2026-02-08 10:45:33,339 hvt.apps.authentication.backends: [APIKeyAuthentication] Looking for 
prefix: 71d8b11d, env: test
[WARNING] 2026-02-08 10:45:33,342 hvt.apps.authentication.backends: [APIKeyAuthentication] Key 
inactive/expired: 71d8b11d
[INFO] 2026-02-08 10:45:35,347 hvt.apps.authentication.backends: [APIKeyAuthentication] Key received: 
hvt_test_937ac0302ec...
[INFO] 2026-02-08 10:45:35,347 hvt.apps.authentication.backends: [APIKeyAuthentication] Looking for 
prefix: 937ac030, env: test
[WARNING] 2026-02-08 10:45:35,349 hvt.apps.authentication.backends: [APIKeyAuthentication] Key 
inactive/expired: 937ac030
[INFO] 2026-02-08 10:45:37,590 hvt.apps.authentication.backends: [APIKeyAuthentication] Key received: 
invalid_key...
[WARNING] 2026-02-08 10:45:37,590 hvt.apps.authentication.backends: [APIKeyAuthentication] Invalid 
key format
[INFO] 2026-02-08 10:45:39,514 hvt.apps.authentication.backends: [APIKeyAuthentication] Key received: 
hvt_live_0dc451d1000...
[INFO] 2026-02-08 10:45:39,514 hvt.apps.authentication.backends: [APIKeyAuthentication] Looking for 
prefix: 0dc451d1, env: live
[WARNING] 2026-02-08 10:45:39,516 hvt.apps.authentication.backends: [APIKeyAuthentication] Key not 
found: 0dc451d1
[INFO] 2026-02-08 10:45:43,183 hvt.apps.authentication.backends: [APIKeyAuthentication] Key received: 
hvt_live_deadbeef000...
[INFO] 2026-02-08 10:45:43,183 hvt.apps.authentication.backends: [APIKeyAuthentication] Looking for 
prefix: deadbeef, env: live
[WARNING] 2026-02-08 10:45:43,185 hvt.apps.authentication.backends: [APIKeyAuthentication] Key not 
found: deadbeef
[INFO] 2026-02-08 10:45:48,899 hvt.apps.authentication.backends: [APIKeyAuthentication] Key received: 
hvt_test_07ae2929ca8...
[INFO] 2026-02-08 10:45:48,899 hvt.apps.authentication.backends: [APIKeyAuthentication] Looking for 
prefix: 07ae2929, env: test
[INFO] 2026-02-08 10:45:48,904 hvt.apps.authentication.backends: [APIKeyAuthentication] Success: 
07ae2929 (test)
[INFO] 2026-02-08 10:45:50,653 hvt.apps.authentication.backends: [APIKeyAuthentication] Key received: 
hvt_test_3620d99cf23...
[INFO] 2026-02-08 10:45:50,653 hvt.apps.authentication.backends: [APIKeyAuthentication] Looking for 
prefix: 3620d99c, env: test
[INFO] 2026-02-08 10:45:50,656 hvt.apps.authentication.backends: [APIKeyAuthentication] Success: 
3620d99c (test)
C:\Users\MARK\.virtualenvs\Shopping-Angel-54bVX0mS\Lib\site-packages\dj_rest_auth\serializers.py:62: 
UserWarning: app_settings.AUTHENTICATION_METHOD is deprecated, use: app_settings.LOGIN_METHODS
  if allauth_account_settings.AUTHENTICATION_METHOD == 
allauth_account_settings.AuthenticationMethod.EMAIL:
[INFO] 2026-02-08 10:45:56,313 hvt.apps.users.views: [UserListView] === REQUEST START ===
[INFO] 2026-02-08 10:45:56,314 hvt.apps.users.views: [UserListView] Headers: {'Cookie': '', 
'Content-Type': 'application/octet-stream', 'X-Api-Key': 'hvt_live_invalid'}
[INFO] 2026-02-08 10:45:56,314 hvt.apps.users.views: [UserListView] META X-API-KEY: hvt_live_invalid
[INFO] 2026-02-08 10:45:56,314 hvt.apps.authentication.backends: [APIKeyAuthentication] Key received: 
hvt_live_invalid...
[INFO] 2026-02-08 10:45:56,315 hvt.apps.authentication.backends: [APIKeyAuthentication] Looking for 
prefix: invalid, env: live
[WARNING] 2026-02-08 10:45:56,326 hvt.apps.authentication.backends: [APIKeyAuthentication] Key not 
found: invalid
[INFO] 2026-02-08 10:45:58,050 hvt.apps.users.views: [UserListView] === REQUEST START ===
[INFO] 2026-02-08 10:45:58,051 hvt.apps.users.views: [UserListView] Headers: {'Cookie': '', 
'Content-Type': 'application/octet-stream'}
[INFO] 2026-02-08 10:45:58,051 hvt.apps.users.views: [UserListView] META X-API-KEY: NOT FOUND
[INFO] 2026-02-08 10:45:58,051 hvt.apps.authentication.permissions: [IsAdminOrAPIKey] request.user: 
AnonymousUser
[INFO] 2026-02-08 10:45:58,051 hvt.apps.authentication.permissions: [IsAdminOrAPIKey] request.auth: 
None
[INFO] 2026-02-08 10:45:58,051 hvt.apps.authentication.permissions: [IsAdminOrAPIKey] request.auth 
type: <class 'NoneType'>
[INFO] 2026-02-08 10:45:58,051 hvt.apps.authentication.permissions: [IsAdminOrAPIKey] No valid auth 
found, denying access
